
> imobiliarias@0.1.0 build:web /home/runner/work/IMOBILIARIAS/IMOBILIARIAS
> pnpm --filter @imobiliarias/web build


> @imobiliarias/web@0.1.0 build /home/runner/work/IMOBILIARIAS/IMOBILIARIAS/apps/web
> next build --webpack

▲ Next.js 16.3.0 (webpack)
✓ Running next.config.mjs took 14ms
⚠ No build cache found. Please configure build caching for faster rebuilds. Read more: https://nextjs.org/docs/messages/no-cache

  Creating an optimized production build ...
Failed to compile.

./app/plataforma/layout.tsx
Error:   x Expected unicode escape
   ,-[/home/runner/work/IMOBILIARIAS/IMOBILIARIAS/apps/web/app/plataforma/layout.tsx:3:1]
 1 | import type { ReactNode } from "react";
 2 | import PlatformClientVisualFix from "../../components/PlatformClientVisualFix";
 3 | import PlatformClientDeleteControl from "../../components/PlatformClientDeleteControl";\nimport PlatformClientAdminActions from "../../components/PlatformClientAdminActions";
   :                                                                                        ^
 4 | 
 5 | export default function PlatformLayout({ children }: { children: ReactNode }) {
 6 |   return (
   `----

Caused by:
    Syntax Error

Import trace for requested module:
./app/plataforma/layout.tsx


> Build failed because of webpack errors
/home/runner/work/IMOBILIARIAS/IMOBILIARIAS/apps/web:
 ERR_PNPM_RECURSIVE_RUN_FIRST_FAIL  @imobiliarias/web@0.1.0 build: `next build --webpack`
Exit status 1
 ELIFECYCLE  Command failed with exit code 1.
